// Jest Snapshot v1, https://goo.gl/fbAQLP

exports[`HotelList Component should be rendered properly 1`] = `
<div
  className="app-container"
>
  <HotelList />
</div>
`;
