// Jest Snapshot v1, https://goo.gl/fbAQLP

exports[`ErrorBoundary Component should be rendered properly 1`] = `
<ErrorBoundary>
  &lt;OtherComponent/&gt;
</ErrorBoundary>
`;
